// Jest Snapshot v1, https://goo.gl/fbAQLP

exports[`Component: ErrorMessage Should match snapshot 1`] = `
<styled.div>
  Test text
</styled.div>
`;
