// Jest Snapshot v1, https://goo.gl/fbAQLP

exports[`Component: Loader Should match snapshot 1`] = `
<Fragment>
  <styled.div>
    <div />
    <div />
    <div />
  </styled.div>
</Fragment>
`;
