// Jest Snapshot v1, https://goo.gl/fbAQLP

exports[`Component: Loader Should match snapshot 1`] = `
<div
  aria-labelledby="vertical-tab-"
  hidden={false}
  id="vertical-tabpanel-"
  role="tabpanel"
>
  <Styled(MuiBox)
    maxWidth="sm"
  />
</div>
`;
